../Core/Src/main.c:68:6:HAL_TIM_PWM_PulseFinishedCallback	16	static
../Core/Src/main.c:80:5:main	24	static
../Core/Src/main.c:171:6:SystemClock_Config	88	static
../Core/Src/main.c:218:13:MX_TIM2_Init	32	static
../Core/Src/main.c:263:13:MX_TIM3_Init	64	static
../Core/Src/main.c:322:13:MX_USART2_UART_Init	8	static
../Core/Src/main.c:353:13:MX_DMA_Init	16	static
../Core/Src/main.c:371:13:MX_GPIO_Init	48	static
../Core/Src/main.c:394:6:ws2812b_start_dma_transfer	16	static
../Core/Src/main.c:414:6:Error_Handler	4	static,ignoring_inline_asm
